

$ git init
Initialized empty Git repository in C:/xampp/htdocs/mataka/public_html/.git/


$ git pull https://github.com/lnavarroa/mataka
fatal: Couldn't find remote ref HEAD


$ git push https://github.com/lnavarroa/mataka master
error: src refspec master does not match any.
error: failed to push some refs to 'https://github.com/lnavarroa/mataka'


$ git git remote add origin https://github.com/lnavarroa/mataka.git
git: 'git' is not a git command. See 'git --help'.

The most similar command is
        init


$ git remote add origin https://github.com/lnavarroa/mataka.git


$ git push https://github.com/lnavarroa/mataka master
error: src refspec master does not match any.
error: failed to push some refs to 'https://github.com/lnavarroa/mataka'



$ git commit -m "Instalación FrameWork"
On branch master

Initial commit

Untracked files:
        .editorconfig
        .gitignore
        .htaccess
        README.md
        application/
        assets/
        composer.json
        contributing.md
        examples_database.sql
        index.php
        license.txt
        readme.rst
        system/
        user_guide/

nothing added to commit but untracked files present



$ git push -u irigin master
error: src refspec master does not match any.
error: failed to push some refs to 'irigin'


$ git push -u origin master
error: src refspec master does not match any.
error: failed to push some refs to 'https://github.com/lnavarroa/mataka.git'


$ git pull https://github.com/lnavarroa/mataka
remote: Enumerating objects: 3, done.
remote: Counting objects: 100% (3/3), done.
remote: Total 3 (delta 0), reused 0 (delta 0), pack-reused 0
Unpacking objects: 100% (3/3), done.
From https://github.com/lnavarroa/mataka
 * branch            HEAD       -> FETCH_HEAD


$ git push https://github.com/lnavarroa/mataka master
Everything up-to-date


$ git pull https://github.com/lnavarroa/mataka master
From https://github.com/lnavarroa/mataka
 * branch            master     -> FETCH_HEAD
Already up to date.


$ git add -a
error: unknown switch `a'
usage: git add [<options>] [--] <pathspec>...

    -n, --dry-run         dry run
    -v, --verbose         be verbose

    -i, --interactive     interactive picking
    -p, --patch           select hunks interactively
    -e, --edit            edit current diff and apply
    -f, --force           allow adding otherwise ignored files
    -u, --update          update tracked files
    --renormalize         renormalize EOL of tracked files (implies -u)
    -N, --intent-to-add   record only the fact that the path will be added later
    -A, --all             add changes from all tracked and untracked files
    --ignore-removal      ignore paths removed in the working tree (same as --no-all)
    --refresh             don't add, only refresh the index
    --ignore-errors       just skip files which cannot be added because of errors
    --ignore-missing      check if - even missing - files are ignored in dry run
    --chmod <(+/-)x>      override the executable bit of the listed files



$ git add -A
warning: LF will be replaced by CRLF in .editorconfig.
The file will have its original line endings in your working directory.
warning: LF will be replaced by CRLF in .gitignore.
The file will have its original line endings in your working directory.
warning: LF will be replaced by CRLF in .htaccess.
The file will have its original line endings in your working directory.
warning: LF will be replaced by CRLF in README.md.



$ git commit -m "Instalación FrameWork"
[master c106da4] Instalación FrameWork
 719 files changed, 241976 insertions(+)
 create mode 100644 .editorconfig
 create mode 100644 .gitignore
 create mode 100644 .htaccess
 create mode 100644 README.md
 create mode 100644 application/.htaccess
 create mode 100644 application/cache/index.html
 create mode 100644 application/config/autoload.php
 create mode 100644 application/config/config.php





$ git push https://github.com/lnavarroa/mataka master
Enumerating objects: 798, done.
Counting objects: 100% (798/798), done.
Delta compression using up to 2 threads.
Compressing objects: 100% (771/771), done.
Writing objects: 100% (797/797), 4.58 MiB | 96.00 KiB/s, done.
Total 797 (delta 341), reused 0 (delta 0)
remote: Resolving deltas: 100% (341/341), done.
To https://github.com/lnavarroa/mataka
   e189541..c106da4  master -> master




